1,1,42,1,2.0,1.0,hello world1!,hello worl,hello worl,aGVsbG8gd29ybGQ0IQ==,2023-12-31,true,2023-12-31 23:59:59,1235.00
