1,2,114514
999,2,666
999,2,666
999,2,666
3,4,666
999,2,666
999,2,666
999,2,666
3,4,666
1,2,114514
